Script started on 2026-08-10 11:25:16+02:00 [COMMAND="Rscript analyze_entropy.R sample1" TERM="xterm-256color" TTY="/dev/pts/0" COLUMNS="99" LINES="30"]
Loading required package: SeuratObject
Loading required package: sp

Attaching package: ‘SeuratObject’

The following objects are masked from ‘package:base’:

    intersect, t

[?25h[?25h[?25h[?25h[?25h[?25h[?25h[?25h[?25h[?25h[?25h[?25h
==========================================
Analyzing sample: sample1 
==========================================
Warning: Feature names cannot have underscores ('_'), replacing with dashes ('-')
Original data loaded: 14336 spots, 37082 genes
Applying aggressive QC filtering...
QC complete: retained 13889 spots and 15205 genes
Applying SpaNorm normalization via SpatialExperiment...
(1/2) Fitting SpaNorm model
1171 cells/spots sampled to fit model
iter:  1, estimating gene-wise dispersion
iter:  1, log-likelihood: -23182700.175459
iter:  1, fitting NB model
iter:  1, iter:  1, log-likelihood: -23182700.175459
iter:  1, iter:  2, log-likelihood: -18835283.450038
iter:  1, iter:  3, log-likelihood: -17707832.723061
iter:  1, iter:  4, log-likelihood: -17413218.115369
iter:  1, iter:  5, log-likelihood: -17342555.898252
iter:  1, iter:  6, log-likelihood: -17325833.744968
iter:  1, iter:  7, log-likelihood: -17322184.001235
iter:  1, iter:  8, log-likelihood: -17320919.566023 (converged)
iter:  2, estimating gene-wise dispersion
iter:  2, log-likelihood: -17292393.239998
iter:  2, fitting NB model
iter:  2, iter:  1, log-likelihood: -17292393.239998
iter:  2, iter:  2, log-likelihood: -17284575.928904
iter:  2, iter:  3, log-likelihood: -17284374.291406 (converged)
iter:  3, estimating gene-wise dispersion
iter:  3, log-likelihood: -17284267.601427
iter:  3, fitting NB model
iter:  3, iter:  1, log-likelihood: -17284267.601427
iter:  3, iter:  2, log-likelihood: -17284130.390298
iter:  3, iter:  3, log-likelihood: -17283903.781539 (converged)
iter:  4, log-likelihood: -17283903.781539 (converged)
(2/2) Normalising data
[1m[22mScale for [32mfill[39m is already present.
Adding another scale for [32mfill[39m, which will replace the existing scale.
Fontconfig warning: using without calling FcInit()
   Sample  Entropy_Metric Target_Variable Pearson_r Pearson_p Spearman_rho
1 sample1 Shannon Entropy         nCounts    0.6471  0.00e+00       0.8661
2 sample1 Shannon Entropy       nFeatures    0.7258  0.00e+00       0.8895
  Spearman_p
1   0.00e+00
2   0.00e+00
Analysis complete for sample: sample1 
There were 15 warnings (use warnings() to see them)
[?25h[?25h
Script done on 2026-08-10 11:30:54+02:00 [COMMAND_EXIT_CODE="0"]
